
> @workspace/scholar-forge@0.0.0 build
> next build

  Γû▓ Next.js 14.2.35
  - Environments: .env.production, .env
  - Experiments (use with caution):
    ┬╖ esmExternals

   Creating an optimized production build ...
 Γ£ô Compiled successfully
   Linting and checking validity of types ...
   Collecting page data ...
node.exe : Redis not 
configured, using 
in-memory fallback
At line:1 char:1
+ & "C:\Program 
Files\nodejs/node.exe" 
"C:\Program 
Files\nodejs/node_mo 
...
+ ~~~~~~~~~~~~~~~~~~~~~
~~~~~~~~~~~~~~~~~~~~~~~
~~~~~~~~~~~~~~~~~~~~~~~
~~
    + CategoryInfo     
         : NotSpecifi  
  ed: (Redis not con   
 fi...memory fallba    
ck:String) [], Rem    
oteException
    + FullyQualifiedEr 
   rorId : NativeComm  
  andError
 
Redis not configured, 
using in-memory 
fallback
   Generating static pages (0/35) ...
   Generating static pages (8/35) 
Error: No QueryClient 
set, use 
QueryClientProvider to 
set one
    at useQueryClient (
file:///C:/Users/zuhai/
Downloads/scholar-forge
/artifacts/scholar-forg
e/node_modules/@tanstac
k/react-query/build/mod
ern/QueryClientProvider
.js:15:11)
    at useBaseQuery (fi
le:///C:/Users/zuhai/Do
wnloads/scholar-forge/a
rtifacts/scholar-forge/
node_modules/@tanstack/
react-query/build/moder
n/useBaseQuery.js:30:18
)
    at useQuery (file:/
//C:/Users/zuhai/Downlo
ads/scholar-forge/artif
acts/scholar-forge/node
_modules/@tanstack/reac
t-query/build/modern/us
eQuery.js:7:10)
    at d (C:\Users\zuha
i\Downloads\scholar-for
ge\artifacts\scholar-fo
rge\.next\server\pages\
AuthorDashboard.js:1:39
87)
    at f (C:\Users\zuha
i\Downloads\scholar-for
ge\artifacts\scholar-fo
rge\.next\server\pages\
ReviewRoom.js:1:4763)
    at Wc (C:\Users\zuh
ai\Downloads\scholar-fo
rge\artifacts\scholar-f
orge\node_modules\react
-dom\cjs\react-dom-serv
er.browser.production.m
in.js:68:44)
    at Zc (C:\Users\zuh
ai\Downloads\scholar-fo
rge\artifacts\scholar-f
orge\node_modules\react
-dom\cjs\react-dom-serv
er.browser.production.m
in.js:70:253)
    at Z (C:\Users\zuha
i\Downloads\scholar-for
ge\artifacts\scholar-fo
rge\node_modules\react-
dom\cjs\react-dom-serve
r.browser.production.mi
n.js:76:89)
    at Xc (C:\Users\zuh
ai\Downloads\scholar-fo
rge\artifacts\scholar-f
orge\node_modules\react
-dom\cjs\react-dom-serv
er.browser.production.m
in.js:68:409)
    at Zc (C:\Users\zuh
ai\Downloads\scholar-fo
rge\artifacts\scholar-f
orge\node_modules\react
-dom\cjs\react-dom-serv
er.browser.production.m
in.js:70:210)

Error occurred 
prerendering page 
"/ReviewRoom". Read 
more: https://nextjs.or
g/docs/messages/prerend
er-error

Error: No QueryClient 
set, use 
QueryClientProvider to 
set one
    at useQueryClient (
file:///C:/Users/zuhai/
Downloads/scholar-forge
/artifacts/scholar-forg
e/node_modules/@tanstac
k/react-query/build/mod
ern/QueryClientProvider
.js:15:11)
    at useBaseQuery (fi
le:///C:/Users/zuhai/Do
wnloads/scholar-forge/a
rtifacts/scholar-forge/
node_modules/@tanstack/
react-query/build/moder
n/useBaseQuery.js:30:18
)
    at useQuery (file:/
//C:/Users/zuhai/Downlo
ads/scholar-forge/artif
acts/scholar-forge/node
_modules/@tanstack/reac
t-query/build/modern/us
eQuery.js:7:10)
    at d (C:\Users\zuha
i\Downloads\scholar-for
ge\artifacts\scholar-fo
rge\.next\server\pages\
AuthorDashboard.js:1:39
87)
    at f (C:\Users\zuha
i\Downloads\scholar-for
ge\artifacts\scholar-fo
rge\.next\server\pages\
ReviewRoom.js:1:4763)
    at Wc (C:\Users\zuh
ai\Downloads\scholar-fo
rge\artifacts\scholar-f
orge\node_modules\react
-dom\cjs\react-dom-serv
er.browser.production.m
in.js:68:44)
    at Zc (C:\Users\zuh
ai\Downloads\scholar-fo
rge\artifacts\scholar-f
orge\node_modules\react
-dom\cjs\react-dom-serv
er.browser.production.m
in.js:70:253)
    at Z (C:\Users\zuha
i\Downloads\scholar-for
ge\artifacts\scholar-fo
rge\node_modules\react-
dom\cjs\react-dom-serve
r.browser.production.mi
n.js:76:89)
    at Xc (C:\Users\zuh
ai\Downloads\scholar-fo
rge\artifacts\scholar-f
orge\node_modules\react
-dom\cjs\react-dom-serv
er.browser.production.m
in.js:68:409)
    at Zc (C:\Users\zuh
ai\Downloads\scholar-fo
rge\artifacts\scholar-f
orge\node_modules\react
-dom\cjs\react-dom-serv
er.browser.production.m
in.js:70:210)
   Generating static pages (17/35) 
   Generating static pages (26/35) 
Redis not configured, 
using in-memory 
fallback
Error: No QueryClient 
set, use 
QueryClientProvider to 
set one
    at useQueryClient (
file:///C:/Users/zuhai/
Downloads/scholar-forge
/artifacts/scholar-forg
e/node_modules/@tanstac
k/react-query/build/mod
ern/QueryClientProvider
.js:15:11)
    at useBaseQuery (fi
le:///C:/Users/zuhai/Do
wnloads/scholar-forge/a
rtifacts/scholar-forge/
node_modules/@tanstack/
react-query/build/moder
n/useBaseQuery.js:30:18
)
    at useQuery (file:/
//C:/Users/zuhai/Downlo
ads/scholar-forge/artif
acts/scholar-forge/node
_modules/@tanstack/reac
t-query/build/modern/us
eQuery.js:7:10)
    at n (C:\Users\zuha
i\Downloads\scholar-for
ge\artifacts\scholar-fo
rge\.next\server\pages\
ReviewerDashboard.js:1:
2606)
    at f (C:\Users\zuha
i\Downloads\scholar-for
ge\artifacts\scholar-fo
rge\.next\server\pages\
ReviewerDashboard.js:1:
3618)
    at Wc (C:\Users\zuh
ai\Downloads\scholar-fo
rge\artifacts\scholar-f
orge\node_modules\react
-dom\cjs\react-dom-serv
er.browser.production.m
in.js:68:44)
    at Zc (C:\Users\zuh
ai\Downloads\scholar-fo
rge\artifacts\scholar-f
orge\node_modules\react
-dom\cjs\react-dom-serv
er.browser.production.m
in.js:70:253)
    at Z (C:\Users\zuha
i\Downloads\scholar-for
ge\artifacts\scholar-fo
rge\node_modules\react-
dom\cjs\react-dom-serve
r.browser.production.mi
n.js:76:89)
    at Xc (C:\Users\zuh
ai\Downloads\scholar-fo
rge\artifacts\scholar-f
orge\node_modules\react
-dom\cjs\react-dom-serv
er.browser.production.m
in.js:68:409)
    at Zc (C:\Users\zuh
ai\Downloads\scholar-fo
rge\artifacts\scholar-f
orge\node_modules\react
-dom\cjs\react-dom-serv
er.browser.production.m
in.js:70:210)

Error occurred 
prerendering page 
"/ReviewerDashboard". 
Read more: https://next
js.org/docs/messages/pr
erender-error

Error: No QueryClient 
set, use 
QueryClientProvider to 
set one
    at useQueryClient (
file:///C:/Users/zuhai/
Downloads/scholar-forge
/artifacts/scholar-forg
e/node_modules/@tanstac
k/react-query/build/mod
ern/QueryClientProvider
.js:15:11)
    at useBaseQuery (fi
le:///C:/Users/zuhai/Do
wnloads/scholar-forge/a
rtifacts/scholar-forge/
node_modules/@tanstack/
react-query/build/moder
n/useBaseQuery.js:30:18
)
    at useQuery (file:/
//C:/Users/zuhai/Downlo
ads/scholar-forge/artif
acts/scholar-forge/node
_modules/@tanstack/reac
t-query/build/modern/us
eQuery.js:7:10)
    at n (C:\Users\zuha
i\Downloads\scholar-for
ge\artifacts\scholar-fo
rge\.next\server\pages\
ReviewerDashboard.js:1:
2606)
    at f (C:\Users\zuha
i\Downloads\scholar-for
ge\artifacts\scholar-fo
rge\.next\server\pages\
ReviewerDashboard.js:1:
3618)
    at Wc (C:\Users\zuh
ai\Downloads\scholar-fo
rge\artifacts\scholar-f
orge\node_modules\react
-dom\cjs\react-dom-serv
er.browser.production.m
in.js:68:44)
    at Zc (C:\Users\zuh
ai\Downloads\scholar-fo
rge\artifacts\scholar-f
orge\node_modules\react
-dom\cjs\react-dom-serv
er.browser.production.m
in.js:70:253)
    at Z (C:\Users\zuha
i\Downloads\scholar-for
ge\artifacts\scholar-fo
rge\node_modules\react-
dom\cjs\react-dom-serve
r.browser.production.mi
n.js:76:89)
    at Xc (C:\Users\zuh
ai\Downloads\scholar-fo
rge\artifacts\scholar-f
orge\node_modules\react
-dom\cjs\react-dom-serv
er.browser.production.m
in.js:68:409)
    at Zc (C:\Users\zuh
ai\Downloads\scholar-fo
rge\artifacts\scholar-f
orge\node_modules\react
-dom\cjs\react-dom-serv
er.browser.production.m
in.js:70:210)
Redis not configured, 
using in-memory 
fallback
Error: No QueryClient 
set, use 
QueryClientProvider to 
set one
    at useQueryClient (
file:///C:/Users/zuhai/
Downloads/scholar-forge
/artifacts/scholar-forg
e/node_modules/@tanstac
k/react-query/build/mod
ern/QueryClientProvider
.js:15:11)
    at useBaseQuery (fi
le:///C:/Users/zuhai/Do
wnloads/scholar-forge/a
rtifacts/scholar-forge/
node_modules/@tanstack/
react-query/build/moder
n/useBaseQuery.js:30:18
)
    at useQuery (file:/
//C:/Users/zuhai/Downlo
ads/scholar-forge/artif
acts/scholar-forge/node
_modules/@tanstack/reac
t-query/build/modern/us
eQuery.js:7:10)
    at n (C:\Users\zuha
i\Downloads\scholar-for
ge\artifacts\scholar-fo
rge\.next\server\pages\
AuthorDashboard.js:1:36
73)
    at j (C:\Users\zuha
i\Downloads\scholar-for
ge\artifacts\scholar-fo
rge\.next\server\pages\
AuthorDashboard.js:1:47
27)
    at Wc (C:\Users\zuh
ai\Downloads\scholar-fo
rge\artifacts\scholar-f
orge\node_modules\react
-dom\cjs\react-dom-serv
er.browser.production.m
in.js:68:44)
    at Zc (C:\Users\zuh
ai\Downloads\scholar-fo
rge\artifacts\scholar-f
orge\node_modules\react
-dom\cjs\react-dom-serv
er.browser.production.m
in.js:70:253)
    at Z (C:\Users\zuha
i\Downloads\scholar-for
ge\artifacts\scholar-fo
rge\node_modules\react-
dom\cjs\react-dom-serve
r.browser.production.mi
n.js:76:89)
    at Xc (C:\Users\zuh
ai\Downloads\scholar-fo
rge\artifacts\scholar-f
orge\node_modules\react
-dom\cjs\react-dom-serv
er.browser.production.m
in.js:68:409)
    at Zc (C:\Users\zuh
ai\Downloads\scholar-fo
rge\artifacts\scholar-f
orge\node_modules\react
-dom\cjs\react-dom-serv
er.browser.production.m
in.js:70:210)

Error occurred 
prerendering page 
"/AuthorDashboard". 
Read more: https://next
js.org/docs/messages/pr
erender-error

Error: No QueryClient 
set, use 
QueryClientProvider to 
set one
    at useQueryClient (
file:///C:/Users/zuhai/
Downloads/scholar-forge
/artifacts/scholar-forg
e/node_modules/@tanstac
k/react-query/build/mod
ern/QueryClientProvider
.js:15:11)
    at useBaseQuery (fi
le:///C:/Users/zuhai/Do
wnloads/scholar-forge/a
rtifacts/scholar-forge/
node_modules/@tanstack/
react-query/build/moder
n/useBaseQuery.js:30:18
)
    at useQuery (file:/
//C:/Users/zuhai/Downlo
ads/scholar-forge/artif
acts/scholar-forge/node
_modules/@tanstack/reac
t-query/build/modern/us
eQuery.js:7:10)
    at n (C:\Users\zuha
i\Downloads\scholar-for
ge\artifacts\scholar-fo
rge\.next\server\pages\
AuthorDashboard.js:1:36
73)
    at j (C:\Users\zuha
i\Downloads\scholar-for
ge\artifacts\scholar-fo
rge\.next\server\pages\
AuthorDashboard.js:1:47
27)
    at Wc (C:\Users\zuh
ai\Downloads\scholar-fo
rge\artifacts\scholar-f
orge\node_modules\react
-dom\cjs\react-dom-serv
er.browser.production.m
in.js:68:44)
    at Zc (C:\Users\zuh
ai\Downloads\scholar-fo
rge\artifacts\scholar-f
orge\node_modules\react
-dom\cjs\react-dom-serv
er.browser.production.m
in.js:70:253)
    at Z (C:\Users\zuha
i\Downloads\scholar-for
ge\artifacts\scholar-fo
rge\node_modules\react-
dom\cjs\react-dom-serve
r.browser.production.mi
n.js:76:89)
    at Xc (C:\Users\zuh
ai\Downloads\scholar-fo
rge\artifacts\scholar-f
orge\node_modules\react
-dom\cjs\react-dom-serv
er.browser.production.m
in.js:68:409)
    at Zc (C:\Users\zuh
ai\Downloads\scholar-fo
rge\artifacts\scholar-f
orge\node_modules\react
-dom\cjs\react-dom-serv
er.browser.production.m
in.js:70:210)
TypeError: Cannot read 
properties of null 
(reading 'id')
    at C:\Users\zuhai\D
ownloads\scholar-forge\
artifacts\scholar-forge
\.next\server\pages\Pap
erDetail.js:1:26138
    at Array.find 
(<anonymous>)
    at O (C:\Users\zuha
i\Downloads\scholar-for
ge\artifacts\scholar-fo
rge\.next\server\pages\
PaperDetail.js:1:26121)
    at Wc (C:\Users\zuh
ai\Downloads\scholar-fo
rge\artifacts\scholar-f
orge\node_modules\react
-dom\cjs\react-dom-serv
er.browser.production.m
in.js:68:44)
    at Zc (C:\Users\zuh
ai\Downloads\scholar-fo
rge\artifacts\scholar-f
orge\node_modules\react
-dom\cjs\react-dom-serv
er.browser.production.m
in.js:70:253)
    at Z (C:\Users\zuha
i\Downloads\scholar-for
ge\artifacts\scholar-fo
rge\node_modules\react-
dom\cjs\react-dom-serve
r.browser.production.mi
n.js:76:89)
    at Xc (C:\Users\zuh
ai\Downloads\scholar-fo
rge\artifacts\scholar-f
orge\node_modules\react
-dom\cjs\react-dom-serv
er.browser.production.m
in.js:68:409)
    at Zc (C:\Users\zuh
ai\Downloads\scholar-fo
rge\artifacts\scholar-f
orge\node_modules\react
-dom\cjs\react-dom-serv
er.browser.production.m
in.js:70:210)
    at Z (C:\Users\zuha
i\Downloads\scholar-for
ge\artifacts\scholar-fo
rge\node_modules\react-
dom\cjs\react-dom-serve
r.browser.production.mi
n.js:76:89)
    at Zc (C:\Users\zuh
ai\Downloads\scholar-fo
rge\artifacts\scholar-f
orge\node_modules\react
-dom\cjs\react-dom-serv
er.browser.production.m
in.js:70:481)

Error occurred 
prerendering page 
"/PaperDetail". Read 
more: https://nextjs.or
g/docs/messages/prerend
er-error

TypeError: Cannot read 
properties of null 
(reading 'id')
    at C:\Users\zuhai\D
ownloads\scholar-forge\
artifacts\scholar-forge
\.next\server\pages\Pap
erDetail.js:1:26138
    at Array.find 
(<anonymous>)
    at O (C:\Users\zuha
i\Downloads\scholar-for
ge\artifacts\scholar-fo
rge\.next\server\pages\
PaperDetail.js:1:26121)
    at Wc (C:\Users\zuh
ai\Downloads\scholar-fo
rge\artifacts\scholar-f
orge\node_modules\react
-dom\cjs\react-dom-serv
er.browser.production.m
in.js:68:44)
    at Zc (C:\Users\zuh
ai\Downloads\scholar-fo
rge\artifacts\scholar-f
orge\node_modules\react
-dom\cjs\react-dom-serv
er.browser.production.m
in.js:70:253)
    at Z (C:\Users\zuha
i\Downloads\scholar-for
ge\artifacts\scholar-fo
rge\node_modules\react-
dom\cjs\react-dom-serve
r.browser.production.mi
n.js:76:89)
    at Xc (C:\Users\zuh
ai\Downloads\scholar-fo
rge\artifacts\scholar-f
orge\node_modules\react
-dom\cjs\react-dom-serv
er.browser.production.m
in.js:68:409)
    at Zc (C:\Users\zuh
ai\Downloads\scholar-fo
rge\artifacts\scholar-f
orge\node_modules\react
-dom\cjs\react-dom-serv
er.browser.production.m
in.js:70:210)
    at Z (C:\Users\zuha
i\Downloads\scholar-for
ge\artifacts\scholar-fo
rge\node_modules\react-
dom\cjs\react-dom-serve
r.browser.production.mi
n.js:76:89)
    at Zc (C:\Users\zuh
ai\Downloads\scholar-fo
rge\artifacts\scholar-f
orge\node_modules\react
-dom\cjs\react-dom-serv
er.browser.production.m
in.js:70:481)
 Γ£ô Generating static pages (35/35)

> Export encountered 
errors on following 
paths:
	/AuthorDashboard
	/PaperDetail
	/ReviewRoom
	/ReviewerDashboard
